
> foodiq@4.1.0 build
> next build

node.exe : Warning: Custom Cache-Control headers detected for the following routes:
At C:\Program Files\nodejs\npm.ps1:29 char:3
+   & $NODE_EXE $NPM_CLI_JS $args
+   ~~~~~~~~~~~~~~~~~~~~~~~~~~~~~
    + CategoryInfo          : NotSpecified: (Warning: Custom...llowing routes::String) [], RemoteException
    + FullyQualifiedErrorId : NativeCommandError
 
  - /_next/static/:path*

Setting a custom Cache-Control header can break Next.js development behavior.
Γû▓ Next.js 16.2.10 (Turbopack)
- Environments: .env.local, .env.production
- Experiments (use with caution):
  ┬╖ optimizePackageImports

  Creating an optimized production build ...
Γ£ô Compiled successfully in 18.8s
  Running TypeScript ...
  Finished TypeScript in 20.5s ...
  Collecting page data using 11 workers ...
  Generating static pages using 11 workers (0/162) ...
  Generating static pages using 11 workers (40/162) 
  Generating static pages using 11 workers (80/162) 
  Generating static pages using 11 workers (121/162) 
Γ£ô Generating static pages using 11 workers (162/162) in 7.6s
  Finalizing page optimization ...

Route (app)                        Revalidate  Expire
Γöî Γùï /
Γö£ Γùï /_not-found
Γö£ Γùï /about
Γö£ Γùï /admin
Γö£ Γùï /admin/ai
Γö£ Γùï /admin/analytics
Γö£ Γùï /admin/bi
Γö£ Γùï /admin/bugs
Γö£ Γùï /admin/cms
Γö£ Γùï /admin/coupons
Γö£ Γùï /admin/dashboard
Γö£ Γùï /admin/delivery-partners
Γö£ Γùï /admin/feedback
Γö£ Γùï /admin/fleet
Γö£ Γùï /admin/inventory
Γö£ Γùï /admin/live
Γö£ Γùï /admin/login
Γö£ Γùï /admin/loyalty
Γö£ Γùï /admin/maintenance
Γö£ Γùï /admin/marketing
Γö£ Γùï /admin/media
Γö£ Γùï /admin/menu
Γö£ Γùï /admin/monitoring
Γö£ Γùï /admin/notifications
Γö£ Γùï /admin/orders
Γö£ Γùï /admin/payments
Γö£ Γùï /admin/push-notifications
Γö£ Γùï /admin/reports
Γö£ Γùï /admin/restaurants
Γö£ Γùï /admin/security
Γö£ Γùï /admin/settings
Γö£ Γùï /admin/staff
Γö£ Γùï /admin/support
Γö£ Γùï /admin/users
Γö£ ╞Æ /api/firebase-messaging-sw
Γö£ Γùï /apple-icon.png
Γö£ Γùï /cart
Γö£ ΓùÅ /category/[slug]
Γöé Γö£ /category/pizza
Γöé Γö£ /category/burger
Γöé Γö£ /category/chicken
Γöé Γöö [+11 more paths]
Γö£ Γùï /checkout
Γö£ Γùï /collections
Γö£ ΓùÅ /collections/[slug]
Γöé Γö£ /collections/most-loved
Γöé Γö£ /collections/express-delivery
Γöé Γö£ /collections/family-feast
Γöé Γöö [+3 more paths]
Γö£ Γùï /contact
Γö£ Γùï /coupons
Γö£ Γùï /coupons-rewards
Γö£ ΓùÅ /cuisine/[slug]                        5m      1y
Γöé Γö£ /cuisine/chinese                       5m      1y
Γöé Γö£ /cuisine/desserts                      5m      1y
Γöé Γö£ /cuisine/fast-food                     5m      1y
Γöé Γöö [+16 more paths]
Γö£ Γùï /delivery
Γö£ Γùï /delivery/analytics
Γö£ Γùï /delivery/dashboard
Γö£ Γùï /delivery/documents
Γö£ Γùï /delivery/earnings
Γö£ Γùï /delivery/forgot-password
Γö£ Γùï /delivery/history
Γö£ Γùï /delivery/login
Γö£ Γùï /delivery/map
Γö£ Γùï /delivery/notifications
Γö£ Γùï /delivery/orders
Γö£ ╞Æ /delivery/orders/[id]
Γö£ Γùï /delivery/profile
Γö£ Γùï /delivery/register
Γö£ Γùï /delivery/reviews
Γö£ Γùï /delivery/wallet
Γö£ Γùï /favorites
Γö£ ╞Æ /food/[id]
Γö£ Γùï /forgot-password
Γö£ Γùï /help-center
Γö£ Γùï /help-support
Γö£ Γùï /icon.png
Γö£ Γùï /live-cricket
Γö£ Γùï /login
Γö£ Γùï /manifest.webmanifest
Γö£ Γùï /my-orders
Γö£ ╞Æ /my-orders/[orderId]
Γö£ Γùï /my-rewards
Γö£ Γùï /notification-preferences
Γö£ Γùï /notifications
Γö£ Γùï /offers
Γö£ ΓùÅ /offers/[offerId]                      5m      1y
Γöé Γö£ /offers/welcome50                      5m      1y
Γöé Γö£ /offers/freedelivery                   5m      1y
Γöé Γö£ /offers/bogo                           5m      1y
Γöé Γöö [+3 more paths]
Γö£ Γùï /offline
Γö£ Γùï /order-online
Γö£ Γùï /order-success
Γö£ Γùï /order-tracking
Γö£ Γùï /orders
Γö£ Γùï /partner/analytics
Γö£ Γùï /partner/customers
Γö£ Γùï /partner/dashboard
Γö£ Γùï /partner/earnings
Γö£ Γùï /partner/inventory
Γö£ Γùï /partner/inventory-reports
Γö£ Γùï /partner/kitchen
Γö£ Γùï /partner/login
Γö£ Γùï /partner/menu
Γö£ Γùï /partner/menu/add
Γö£ Γùï /partner/menu/add-dish
Γö£ Γùï /partner/notifications
Γö£ Γùï /partner/offers
Γö£ Γùï /partner/order-history
Γö£ Γùï /partner/orders
Γö£ Γùï /partner/recipes
Γö£ Γùï /partner/reviews
Γö£ Γùï /partner/settings
Γö£ Γùï /partner/suppliers
Γö£ Γùï /payment
Γö£ Γùï /payment-methods
Γö£ Γùï /payment/failed
Γö£ Γùï /popular-cuisines
Γö£ Γùï /popular-restaurants
Γö£ Γùï /privacy-policy
Γö£ Γùï /profile
Γö£ Γùï /profile/edit
Γö£ Γùï /register
Γö£ ╞Æ /restaurant/[id]
Γö£ Γùï /restaurants                           5m      1y
Γö£ Γùï /rewards
Γö£ Γùï /robots.txt
Γö£ Γùï /saved-addresses
Γö£ Γùï /search
Γö£ Γùï /settings
Γö£ Γùï /sitemap.xml                           5m      1y
Γö£ Γùï /support
Γö£ Γùï /terms-of-service
Γö£ Γùï /track-order
Γö£ ╞Æ /track-order/[orderId]
Γö£ Γùï /trending-dishes
Γöö Γùï /wishlist


╞Æ Proxy (Middleware)

Γùï  (Static)   prerendered as static content
ΓùÅ  (SSG)      prerendered as static HTML (uses generateStaticParams)
╞Æ  (Dynamic)  server-rendered on demand


> foodiq@4.1.0 postbuild
> node scripts/generate-seo-report.mjs

SEO report written to C:\Users\sahoo\OneDrive\Desktop\foodiq\docs\SEO_REPORT.md
EXIT:0
